Microchip Technology Inc, v1.30 (A)

Tool Name:
  c:\program files (x86)\microchip\xc16\v1.30\bin\bin\..\bin/elf-ld.exe

Command:
  -p24F16KL401 \
  -o \
  dist/default/production/Anemometer1.X.production.elf \
  -Lc:/program files (x86)/microchip/xc16/v1.30/bin/bin/.. \
  -Lc:/program files (x86)/microchip/xc16/v1.30/bin/bin/../../lib \
  -Lc:/program files (x86)/microchip/xc16/v1.30/bin/bin/../../lib/PIC24E \
  -Lc:/program files (x86)/microchip/xc16/v1.30/bin/bin/../../support/PIC24E/gld \
  -Lc:/program files (x86)/microchip/xc16/v1.30/bin/bin/../../lib/PIC24F \
  -Lc:/program files (x86)/microchip/xc16/v1.30/bin/bin/../../support/PIC24F/gld \
  -Lc:/program files (x86)/microchip/xc16/v1.30/bin/bin/../../lib/PIC24H \
  -Lc:/program files (x86)/microchip/xc16/v1.30/bin/bin/../../support/PIC24H/gld \
  -Lc:/program files (x86)/microchip/xc16/v1.30/bin/bin/../../lib/dsPIC30F \
  -Lc:/program files (x86)/microchip/xc16/v1.30/bin/bin/../../support/dsPIC30F/gld \
  -Lc:/program files (x86)/microchip/xc16/v1.30/bin/bin/../../lib/dsPIC33E \
  -Lc:/program files (x86)/microchip/xc16/v1.30/bin/bin/../../support/dsPIC33E/gld \
  -Lc:/program files (x86)/microchip/xc16/v1.30/bin/bin/../../lib/dsPIC33F \
  -Lc:/program files (x86)/microchip/xc16/v1.30/bin/bin/../../support/dsPIC33F/gld \
  build/default/production/Anemometer.o \
  --defsym=__MPLAB_BUILD=1 \
  -Tp24F16KL401.gld.00 \
  --stack=16 \
  --check-sections \
  --data-init \
  --pack-data \
  --handles \
  --isr \
  --no-gc-sections \
  --fill-upper=0 \
  --stackguard=16 \
  --no-force-link \
  --smart-io \
  -Map=dist/default/production/Anemometer1.X.production.map \
  --report-mem \
  --memorysummary \
  dist/default/production/memoryfile.xml \
  -start-group \
  --library=lega-pic30-elf \
  --library=m-elf \
  --library=lega-c-elf \
  -end-group \

Archive member included because of file (symbol)

c:/program files (x86)/microchip/xc16/v1.30/bin/bin/../../lib/PIC24F\libpPIC24Fxxx-elf.a(WriteUART1.o)
                              build/default/production/Anemometer.o (_WriteUART1)
c:/program files (x86)/microchip/xc16/v1.30/bin/bin/../../lib\liblega-pic30-elf.a(crt0_standard.o)
                              (__resetPRI)
c:/program files (x86)/microchip/xc16/v1.30/bin/bin/../../lib\liblega-pic30-elf.a(data_init_standard.o)
                              c:/program files (x86)/microchip/xc16/v1.30/bin/bin/../../lib\liblega-pic30-elf.a(crt0_standard.o) (__data_init_standard)
c:/program files (x86)/microchip/xc16/v1.30/bin/bin/../../lib\liblega-pic30-elf.a(crt_start_mode_normal.Leo)
                              (__crt_start_mode_normal)
c:/program files (x86)/microchip/xc16/v1.30/bin/bin/../../lib\libm-elf.a(addsf3.eo)
                              build/default/production/Anemometer.o (___subsf3)
c:/program files (x86)/microchip/xc16/v1.30/bin/bin/../../lib\libm-elf.a(divsf3.eo)
                              build/default/production/Anemometer.o (___divsf3)
c:/program files (x86)/microchip/xc16/v1.30/bin/bin/../../lib\libm-elf.a(feqltle.eo)
                              build/default/production/Anemometer.o (___ltsf2)
c:/program files (x86)/microchip/xc16/v1.30/bin/bin/../../lib\libm-elf.a(fixunssfsi.eo)
                              build/default/production/Anemometer.o (___fixunssfsi)
c:/program files (x86)/microchip/xc16/v1.30/bin/bin/../../lib\libm-elf.a(floatsisf.eo)
                              build/default/production/Anemometer.o (___floatsisf)
c:/program files (x86)/microchip/xc16/v1.30/bin/bin/../../lib\libm-elf.a(fpack.eo)
                              c:/program files (x86)/microchip/xc16/v1.30/bin/bin/../../lib\libm-elf.a(addsf3.eo) (__fpack)
c:/program files (x86)/microchip/xc16/v1.30/bin/bin/../../lib\libm-elf.a(funpack.eo)
                              c:/program files (x86)/microchip/xc16/v1.30/bin/bin/../../lib\libm-elf.a(fixunssfsi.eo) (__funpack)
c:/program files (x86)/microchip/xc16/v1.30/bin/bin/../../lib\libm-elf.a(funpack2.eo)
                              c:/program files (x86)/microchip/xc16/v1.30/bin/bin/../../lib\libm-elf.a(addsf3.eo) (__funpack2)
c:/program files (x86)/microchip/xc16/v1.30/bin/bin/../../lib\libm-elf.a(futil.eo)
                              c:/program files (x86)/microchip/xc16/v1.30/bin/bin/../../lib\libm-elf.a(addsf3.eo) (__fPropagateNaN)
c:/program files (x86)/microchip/xc16/v1.30/bin/bin/../../lib\libm-elf.a(mulsf3.eo)
                              build/default/production/Anemometer.o (___mulsf3)
c:/program files (x86)/microchip/xc16/v1.30/bin/bin/../../lib\libm-elf.a(fcompare.eo)
                              c:/program files (x86)/microchip/xc16/v1.30/bin/bin/../../lib\libm-elf.a(feqltle.eo) (__fcompare)
c:/program files (x86)/microchip/xc16/v1.30/bin/bin/../../lib\libm-elf.a(floatdisf.eo)
                              c:/program files (x86)/microchip/xc16/v1.30/bin/bin/../../lib\libm-elf.a(floatsisf.eo) (___floatdisf)
c:/program files (x86)/microchip/xc16/v1.30/bin/bin/../../lib\libm-elf.a(floatundisf.eo)
                              c:/program files (x86)/microchip/xc16/v1.30/bin/bin/../../lib\libm-elf.a(floatdisf.eo) (___floatundisf)
c:/program files (x86)/microchip/xc16/v1.30/bin/bin/../../lib\liblega-c-elf.a(sprintf_cdnopuxX.XXeo)
                              build/default/production/Anemometer.o (__sprintf_cdnopuxX)
c:/program files (x86)/microchip/xc16/v1.30/bin/bin/../../lib\liblega-c-elf.a(xprintf_cdnopuxX.XXeo)
                              c:/program files (x86)/microchip/xc16/v1.30/bin/bin/../../lib\liblega-c-elf.a(sprintf_cdnopuxX.XXeo) (___Printf_cdnopuxX)
c:/program files (x86)/microchip/xc16/v1.30/bin/bin/../../lib\liblega-c-elf.a(xputfld_cdnopuxX.XXeo)
                              c:/program files (x86)/microchip/xc16/v1.30/bin/bin/../../lib\liblega-c-elf.a(xprintf_cdnopuxX.XXeo) (___Putfld_cdnopuxX)
c:/program files (x86)/microchip/xc16/v1.30/bin/bin/../../lib\liblega-c-elf.a(memcpy.XX_eo)
                              c:/program files (x86)/microchip/xc16/v1.30/bin/bin/../../lib\liblega-c-elf.a(sprintf_cdnopuxX.XXeo) (_memcpy)
c:/program files (x86)/microchip/xc16/v1.30/bin/bin/../../lib\liblega-c-elf.a(strchr.XX_eo)
                              c:/program files (x86)/microchip/xc16/v1.30/bin/bin/../../lib\liblega-c-elf.a(xprintf_cdnopuxX.XXeo) (_strchr)
c:/program files (x86)/microchip/xc16/v1.30/bin/bin/../../lib\liblega-c-elf.a(xlitob.XX_eo)
                              c:/program files (x86)/microchip/xc16/v1.30/bin/bin/../../lib\liblega-c-elf.a(xputfld_cdnopuxX.XXeo) (__Litob)
c:/program files (x86)/microchip/xc16/v1.30/bin/bin/../../lib\liblega-c-elf.a(xputtxt.XX_eo)
                              c:/program files (x86)/microchip/xc16/v1.30/bin/bin/../../lib\liblega-c-elf.a(xprintf_cdnopuxX.XXeo) (__Puttxt)
c:/program files (x86)/microchip/xc16/v1.30/bin/bin/../../lib\liblega-c-elf.a(xvacopy.XX_eo)
                              c:/program files (x86)/microchip/xc16/v1.30/bin/bin/../../lib\liblega-c-elf.a(xprintf_cdnopuxX.XXeo) (__Vacopy)
c:/program files (x86)/microchip/xc16/v1.30/bin/bin/../../lib\libm-elf.a(divsi3.eo)
                              c:/program files (x86)/microchip/xc16/v1.30/bin/bin/../../lib\liblega-c-elf.a(xlitob.XX_eo) (___divsi3)
c:/program files (x86)/microchip/xc16/v1.30/bin/bin/../../lib\libm-elf.a(udivsi3.eo)
                              c:/program files (x86)/microchip/xc16/v1.30/bin/bin/../../lib\liblega-c-elf.a(xlitob.XX_eo) (___udivsi3)
c:/program files (x86)/microchip/xc16/v1.30/bin/bin/../../lib\libm-elf.a(umodsi3.eo)
                              c:/program files (x86)/microchip/xc16/v1.30/bin/bin/../../lib\liblega-c-elf.a(xlitob.XX_eo) (___umodsi3)
c:/program files (x86)/microchip/xc16/v1.30/bin/bin/../../lib\libm-elf.a(divmoddi3.eo)
                              c:/program files (x86)/microchip/xc16/v1.30/bin/bin/../../lib\liblega-c-elf.a(xlitob.XX_eo) (___udivdi3)


Selected CodeGuard Options:
  FGS:GWRP:OFF
  FGS:GSS0:OFF
  FBS:BWRP:OFF
  FBS:BSS:OFF

CodeGuard FLASH Memory:
  boot    (none)
  secure  (none)
  general 0x200 to 0x2bfe

CodeGuard RAM Memory:
  general 0x800 to 0xbff
  secure  (none)
  boot    (none)

CodeGuard EEPROM Memory:
  general 0x7ffe00 to 0x7fffff
  secure  (none)
  boot    (none)


xc16-ld 1.30 (A)

Program Memory  [Origin = 0x200, Length = 0x2a00]

section                    address   length (PC units)   length (bytes) (dec)
-------                    -------   -----------------   --------------------
.text                        0x200               0xe0a          0x150f  (5391)
.const                      0x100a                 0x4             0x6  (6)
.text                       0x100e               0x1e2           0x2d3  (723)
.dinit                      0x11f0                0x3e            0x5d  (93)

                 Total program memory used (bytes):         0x1845  (6213) 38%


Ivt Memory  [Origin = 0x4, Length = 0xfc]

section                    address   length (PC units)   length (bytes) (dec)
-------                    -------   -----------------   --------------------
.ivt._CCP3Interrupt           0x46                 0x2             0x3  (3)


Data Memory  [Origin = 0x800, Length = 0x400]

section                    address      alignment gaps    total length  (dec)
-------                    -------      --------------    -------------------
.nbss                        0x800                   0             0xc  (12)
.data                        0x80c                   0            0x3c  (60)

                 Total data memory used (bytes):           0x48  (72) 7%


Dynamic Memory Usage

region                     address                      maximum length  (dec)
------                     -------                      ---------------------
heap                             0                                   0  (0)
stack                        0x848                               0x3b8  (952)

                 Maximum dynamic memory (bytes):          0x3b8  (952)


External Symbols in Data Memory (by address):

                    0x0800                  _old_pulse
                    0x0804                  _overflow
                    0x0806                  _calculate
                    0x0808                  _period

External Symbols in Data Memory (by name):

                    0x0806                  _calculate
                    0x0800                  _old_pulse
                    0x0804                  _overflow
                    0x0808                  _period

External Symbols in Program Memory (by address):

                  0x000200                  __resetPRI
                  0x00023c                  __psv_init
                  0x000252                  __data_init
                  0x000252                  __data_init_standard
                  0x0002cc                  __DefaultInterrupt
                  0x0002d0                  _WriteUART1
                  0x0002e0                  ___subsf3
                  0x0002e2                  ___addsf3
                  0x00039c                  ___divsf3
                  0x000420                  ___ltsf2
                  0x000420                  ___eqsf2
                  0x000420                  ___lesf2
                  0x000424                  ___fixunssfsi
                  0x00045a                  ___floatsisf
                  0x000460                  __fpack
                  0x0004ac                  __funpack
                  0x0004d6                  __funpack2
                  0x0004e6                  __fPropagateNaN
                  0x0004f8                  __fbopExit
                  0x000500                  __fbopReturnNaN
                  0x000506                  ___mulsf3
                  0x00056e                  __fcompare
                  0x0005a4                  ___floatdisf
                  0x0005c4                  ___floatundisf
                  0x000622                  sprintf_cdnopuxX.XXeo:_prout
                  0x000630                  __sprintf_cdnopuxX
                  0x00064e                  ___Printf_cdnopuxX
                  0x0007b2                  ___Putfld_cdnopuxX
                  0x0009c2                  _memcpy
                  0x0009d0                  _strchr
                  0x0009e8                  __Litob
                  0x000c46                  __Puttxt
                  0x000dbe                  __Vacopy
                  0x000dc2                  ___divsi3
                  0x000de0                  ___udivsi3
                  0x000e00                  ___umodsi3
                  0x000e52                  ___udivmoddi3
                  0x000f38                  ___udivdi3
                  0x000f46                  ___umoddi3
                  0x000f4e                  ___divdi3
                  0x000fae                  ___moddi3
                  0x00100e                  _main
                  0x00110c                  _MPH_Calculate
                  0x00116c                  __CCP3Interrupt
                  0xf80000                  __FBS.sec
                  0xf80004                  __FGS.sec

External Symbols in Program Memory (by name):

                  0x00110c                  _MPH_Calculate
                  0x0002d0                  _WriteUART1
                  0x00116c                  __CCP3Interrupt
                  0x0002cc                  __DefaultInterrupt
                  0xf80000                  __FBS.sec
                  0xf80004                  __FGS.sec
                  0x0009e8                  __Litob
                  0x000c46                  __Puttxt
                  0x000dbe                  __Vacopy
                  0x00064e                  ___Printf_cdnopuxX
                  0x0007b2                  ___Putfld_cdnopuxX
                  0x0002e2                  ___addsf3
                  0x000f4e                  ___divdi3
                  0x00039c                  ___divsf3
                  0x000dc2                  ___divsi3
                  0x000420                  ___eqsf2
                  0x000424                  ___fixunssfsi
                  0x0005a4                  ___floatdisf
                  0x00045a                  ___floatsisf
                  0x0005c4                  ___floatundisf
                  0x000420                  ___lesf2
                  0x000420                  ___ltsf2
                  0x000fae                  ___moddi3
                  0x000506                  ___mulsf3
                  0x0002e0                  ___subsf3
                  0x000f38                  ___udivdi3
                  0x000e52                  ___udivmoddi3
                  0x000de0                  ___udivsi3
                  0x000f46                  ___umoddi3
                  0x000e00                  ___umodsi3
                  0x000252                  __data_init
                  0x000252                  __data_init_standard
                  0x0004e6                  __fPropagateNaN
                  0x0004f8                  __fbopExit
                  0x000500                  __fbopReturnNaN
                  0x00056e                  __fcompare
                  0x000460                  __fpack
                  0x0004ac                  __funpack
                  0x0004d6                  __funpack2
                  0x00023c                  __psv_init
                  0x000200                  __resetPRI
                  0x000630                  __sprintf_cdnopuxX
                  0x00100e                  _main
                  0x0009c2                  _memcpy
                  0x0009d0                  _strchr
                  0x000622                  sprintf_cdnopuxX.XXeo:_prout

Memory Configuration

Name             Origin             Length             Attributes
data             0x000800           0x000400           a !xr
reset            0x000000           0x000004  
ivt              0x000004           0x0000fc  
_reserved        0x000100           0x000004  
aivt             0x000104           0x0000fc  
program          0x000200           0x002a00           xr
eedata           0x7ffe00           0x000200  
FBS              0xf80000           0x000002  
FGS              0xf80004           0x000002  
FOSCSEL          0xf80006           0x000002  
FOSC             0xf80008           0x000002  
FWDT             0xf8000a           0x000002  
FPOR             0xf8000c           0x000002  
FICD             0xf8000e           0x000002  
*default*        0x000000           0xffffffff  

Linker script and memory map

LOAD build/default/production/Anemometer.o
                    0x0001                  __MPLAB_BUILD = 0x1
LOAD c:/program files (x86)/microchip/xc16/v1.30/bin/bin/../../lib/PIC24F\libpPIC24Fxxx-elf.a
LOAD c:/program files (x86)/microchip/xc16/v1.30/bin/bin/../../lib\libfx-elf.a
                    0xf80000                  __FBS = 0xf80000
                    0xf80004                  __FGS = 0xf80004
                    0xf80006                  __FOSCSEL = 0xf80006
                    0xf80008                  __FOSC = 0xf80008
                    0xf8000a                  __FWDT = 0xf8000a
                    0xf8000c                  __FPOR = 0xf8000c
                    0xf8000e                  __FICD = 0xf8000e
                    0x0001                  __NO_HANDLES = 0x1
                    0x0200                  __CODE_BASE = 0x200
                    0x2a00                  __CODE_LENGTH = 0x2a00
                    0x0004                  __IVT_BASE = 0x4
                    0x0104                  __AIVT_BASE = 0x104
                    0x0800                  __DATA_BASE = 0x800
                    0x0400                  __DATA_LENGTH = 0x400

.reset            0x000000          0x4
                  0x000000          0x2 SHORT 0x200 ABSOLUTE (__reset)
                  0x000001          0x2 SHORT 0x4
                  0x000002          0x2 SHORT 0x0 ((ABSOLUTE (__reset) >> 0x10) & 0x7f)
                  0x000003          0x2 SHORT 0x0

.text             0x000200        0xe0a
 *(.init)
 .init            0x000200         0x4c c:/program files (x86)/microchip/xc16/v1.30/bin/bin/../../lib\liblega-pic30-elf.a(crt0_standard.o)
                  0x000200                  __resetPRI
                  0x000200                  __reset
                  0x00023c                  __psv_init
 .init            0x00024c         0x7c c:/program files (x86)/microchip/xc16/v1.30/bin/bin/../../lib\liblega-pic30-elf.a(data_init_standard.o)
                  0x000252                  __data_init_standard
                  0x000252                  __data_init
 *(.user_init)
 *(.handle)
 *(.isr*)
 .isr             0x0002cc          0x4 default_isr
                  0x0002cc                  __DefaultInterrupt
 *(.libc)
 *(.libm)
 *(.libdsp)
 *(.lib*)
 .libperi         0x0002d0          0xe c:/program files (x86)/microchip/xc16/v1.30/bin/bin/../../lib/PIC24F\libpPIC24Fxxx-elf.a(WriteUART1.o)
                  0x0002d0                  _WriteUART1
 .libpic30_crt_start_mode
                  0x0002de          0x2 c:/program files (x86)/microchip/xc16/v1.30/bin/bin/../../lib\liblega-pic30-elf.a(crt_start_mode_normal.Leo)
                  0x0002de                  __crt_start_mode
                  0x0002de                  __crt_start_mode_normal
 .libm.subsf3     0x0002e0         0xbc c:/program files (x86)/microchip/xc16/v1.30/bin/bin/../../lib\libm-elf.a(addsf3.eo)
                  0x0002e0                  ___subsf3
                  0x0002e2                  ___addsf3
 .libm.divfs3     0x00039c         0x84 c:/program files (x86)/microchip/xc16/v1.30/bin/bin/../../lib\libm-elf.a(divsf3.eo)
                  0x00039c                  ___divsf3
 .libm.eqsf2      0x000420          0x4 c:/program files (x86)/microchip/xc16/v1.30/bin/bin/../../lib\libm-elf.a(feqltle.eo)
                  0x000420                  ___eqsf2
                  0x000420                  ___ltsf2
                  0x000420                  ___lesf2
 .libm.fixunssfsi
                  0x000424         0x36 c:/program files (x86)/microchip/xc16/v1.30/bin/bin/../../lib\libm-elf.a(fixunssfsi.eo)
                  0x000424                  ___fixunssfsi
 .libm.floatsisf
                  0x00045a          0x6 c:/program files (x86)/microchip/xc16/v1.30/bin/bin/../../lib\libm-elf.a(floatsisf.eo)
                  0x00045a                  ___floatsisf
 .libm.fpack      0x000460         0x4c c:/program files (x86)/microchip/xc16/v1.30/bin/bin/../../lib\libm-elf.a(fpack.eo)
                  0x000460                  __fpack
 .libm.funpack    0x0004ac         0x2a c:/program files (x86)/microchip/xc16/v1.30/bin/bin/../../lib\libm-elf.a(funpack.eo)
                  0x0004ac                  __funpack
 .libm.funpack2
                  0x0004d6         0x10 c:/program files (x86)/microchip/xc16/v1.30/bin/bin/../../lib\libm-elf.a(funpack2.eo)
                  0x0004d6                  __funpack2
 .libm.fPropagateNaN
                  0x0004e6         0x12 c:/program files (x86)/microchip/xc16/v1.30/bin/bin/../../lib\libm-elf.a(futil.eo)
                  0x0004e6                  __fPropagateNaN
 .libm.fbobExit
                  0x0004f8          0x8 c:/program files (x86)/microchip/xc16/v1.30/bin/bin/../../lib\libm-elf.a(futil.eo)
                  0x0004f8                  __fbopExit
 .libm.fbopReturnNaN
                  0x000500          0x6 c:/program files (x86)/microchip/xc16/v1.30/bin/bin/../../lib\libm-elf.a(futil.eo)
                  0x000500                  __fbopReturnNaN
 .libm.mulsf3     0x000506         0x68 c:/program files (x86)/microchip/xc16/v1.30/bin/bin/../../lib\libm-elf.a(mulsf3.eo)
                  0x000506                  ___mulsf3
 .libm.fcompare
                  0x00056e         0x36 c:/program files (x86)/microchip/xc16/v1.30/bin/bin/../../lib\libm-elf.a(fcompare.eo)
                  0x00056e                  __fcompare
 .libm.floatdisf
                  0x0005a4         0x20 c:/program files (x86)/microchip/xc16/v1.30/bin/bin/../../lib\libm-elf.a(floatdisf.eo)
                  0x0005a4                  ___floatdisf
 .libm.floatundisf
                  0x0005c4         0x5e c:/program files (x86)/microchip/xc16/v1.30/bin/bin/../../lib\libm-elf.a(floatundisf.eo)
                  0x0005c4                  ___floatundisf
 .libc.prout      0x000622          0xe c:/program files (x86)/microchip/xc16/v1.30/bin/bin/../../lib\liblega-c-elf.a(sprintf_cdnopuxX.XXeo)
                  0x000622                  sprintf_cdnopuxX.XXeo:_prout
 .libc._sprintf_cdnopuxX
                  0x000630         0x1e c:/program files (x86)/microchip/xc16/v1.30/bin/bin/../../lib\liblega-c-elf.a(sprintf_cdnopuxX.XXeo)
                  0x000630                  __sprintf_cdnopuxX
 .libc.__Printf_cdnopuxX
                  0x00064e        0x164 c:/program files (x86)/microchip/xc16/v1.30/bin/bin/../../lib\liblega-c-elf.a(xprintf_cdnopuxX.XXeo)
                  0x00064e                  ___Printf_cdnopuxX
 .libc.__Putfld_cdnopuxX
                  0x0007b2        0x210 c:/program files (x86)/microchip/xc16/v1.30/bin/bin/../../lib\liblega-c-elf.a(xputfld_cdnopuxX.XXeo)
                  0x0007b2                  ___Putfld_cdnopuxX
 .libc.memcpy     0x0009c2          0xe c:/program files (x86)/microchip/xc16/v1.30/bin/bin/../../lib\liblega-c-elf.a(memcpy.XX_eo)
                  0x0009c2                  _memcpy
 .libc.strchr     0x0009d0         0x18 c:/program files (x86)/microchip/xc16/v1.30/bin/bin/../../lib\liblega-c-elf.a(strchr.XX_eo)
                  0x0009d0                  _strchr
 .libc._Litob     0x0009e8        0x25e c:/program files (x86)/microchip/xc16/v1.30/bin/bin/../../lib\liblega-c-elf.a(xlitob.XX_eo)
                  0x0009e8                  __Litob
 .libc._Puttxt    0x000c46        0x178 c:/program files (x86)/microchip/xc16/v1.30/bin/bin/../../lib\liblega-c-elf.a(xputtxt.XX_eo)
                  0x000c46                  __Puttxt
 .libc._Vacopy    0x000dbe          0x4 c:/program files (x86)/microchip/xc16/v1.30/bin/bin/../../lib\liblega-c-elf.a(xvacopy.XX_eo)
                  0x000dbe                  __Vacopy
 .libm.divsi3     0x000dc2         0x1e c:/program files (x86)/microchip/xc16/v1.30/bin/bin/../../lib\libm-elf.a(divsi3.eo)
                  0x000dc2                  ___divsi3
 .libm.udivsi3    0x000de0         0x20 c:/program files (x86)/microchip/xc16/v1.30/bin/bin/../../lib\libm-elf.a(udivsi3.eo)
                  0x000de0                  ___udivsi3
 .libm.umodsi3    0x000e00          0x6 c:/program files (x86)/microchip/xc16/v1.30/bin/bin/../../lib\libm-elf.a(umodsi3.eo)
                  0x000e00                  ___umodsi3
 .libm.__PplusBdi
                  0x000e06         0x26 c:/program files (x86)/microchip/xc16/v1.30/bin/bin/../../lib\libm-elf.a(divmoddi3.eo)
 .libm.__PminusBdi
                  0x000e2c         0x26 c:/program files (x86)/microchip/xc16/v1.30/bin/bin/../../lib\libm-elf.a(divmoddi3.eo)
 .libm.__udivmoddi3
                  0x000e52         0xe6 c:/program files (x86)/microchip/xc16/v1.30/bin/bin/../../lib\libm-elf.a(divmoddi3.eo)
                  0x000e52                  ___udivmoddi3
 .libm.__udivdi3
                  0x000f38          0xe c:/program files (x86)/microchip/xc16/v1.30/bin/bin/../../lib\libm-elf.a(divmoddi3.eo)
                  0x000f38                  ___udivdi3
 .libm.__umoddi3
                  0x000f46          0x8 c:/program files (x86)/microchip/xc16/v1.30/bin/bin/../../lib\libm-elf.a(divmoddi3.eo)
                  0x000f46                  ___umoddi3
 .libm.__divdi3
                  0x000f4e         0x60 c:/program files (x86)/microchip/xc16/v1.30/bin/bin/../../lib\libm-elf.a(divmoddi3.eo)
                  0x000f4e                  ___divdi3
 .libm.__moddi3
                  0x000fae         0x5c c:/program files (x86)/microchip/xc16/v1.30/bin/bin/../../lib\libm-elf.a(divmoddi3.eo)
                  0x000fae                  ___moddi3

usercode
 *(usercode)

__FBS             0xf80000          0x2
 *(__FBS.sec*)
 __FBS.sec        0xf80000          0x2 FBS
                  0xf80000                  __FBS.sec

__FGS             0xf80004          0x2
 *(__FGS.sec*)
 __FGS.sec        0xf80004          0x2 FGS
                  0xf80004                  __FGS.sec

__FOSCSEL
 *(__FOSCSEL.sec*)

__FOSC
 *(__FOSC.sec*)

__FWDT
 *(__FWDT.sec*)

__FPOR
 *(__FPOR.sec*)

__FICD
 *(__FICD.sec*)

.comment
 *(.comment)

.debug_info       0x000000       0x10ad
 *(.debug_info)
 .debug_info      0x000000       0x10ad build/default/production/Anemometer.o
 *(.gnu.linkonce.wi.*)

.debug_abbrev     0x000000        0x156
 *(.debug_abbrev)
 .debug_abbrev    0x000000        0x156 build/default/production/Anemometer.o

.debug_line       0x000000         0xf2
 *(.debug_line)
 .debug_line      0x000000         0xf2 build/default/production/Anemometer.o

.debug_frame      0x000000         0xa2
 *(.debug_frame)
 .debug_frame     0x000000         0xa2 build/default/production/Anemometer.o

.debug_str        0x000000         0x93
 *(.debug_str)
 .debug_str       0x000000         0x93 build/default/production/Anemometer.o

.debug_loc
 *(.debug_loc)

.debug_macinfo
 *(.debug_macinfo)

.debug_pubnames
                  0x000000         0x74
 *(.debug_pubnames)
 .debug_pubnames
                  0x000000         0x74 build/default/production/Anemometer.o

.debug_ranges
 *(.debug_ranges)

.debug_aranges    0x000000         0x18
 *(.debug_aranges)
 .debug_aranges
                  0x000000         0x18 build/default/production/Anemometer.o
                    0x0000                  WREG0 = 0x0
                    0x0000                  _WREG0 = 0x0
                    0x0002                  WREG1 = 0x2
                    0x0002                  _WREG1 = 0x2
                    0x0004                  WREG2 = 0x4
                    0x0004                  _WREG2 = 0x4
                    0x0006                  WREG3 = 0x6
                    0x0006                  _WREG3 = 0x6
                    0x0008                  WREG4 = 0x8
                    0x0008                  _WREG4 = 0x8
                    0x000a                  WREG5 = 0xa
                    0x000a                  _WREG5 = 0xa
                    0x000c                  WREG6 = 0xc
                    0x000c                  _WREG6 = 0xc
                    0x000e                  WREG7 = 0xe
                    0x000e                  _WREG7 = 0xe
                    0x0010                  WREG8 = 0x10
                    0x0010                  _WREG8 = 0x10
                    0x0012                  WREG9 = 0x12
                    0x0012                  _WREG9 = 0x12
                    0x0014                  WREG10 = 0x14
                    0x0014                  _WREG10 = 0x14
                    0x0016                  WREG11 = 0x16
                    0x0016                  _WREG11 = 0x16
                    0x0018                  WREG12 = 0x18
                    0x0018                  _WREG12 = 0x18
                    0x001a                  WREG13 = 0x1a
                    0x001a                  _WREG13 = 0x1a
                    0x001c                  WREG14 = 0x1c
                    0x001c                  _WREG14 = 0x1c
                    0x001e                  WREG15 = 0x1e
                    0x001e                  _WREG15 = 0x1e
                    0x0020                  SPLIM = 0x20
                    0x0020                  _SPLIM = 0x20
                    0x002e                  PCL = 0x2e
                    0x002e                  _PCL = 0x2e
                    0x0030                  PCH = 0x30
                    0x0030                  _PCH = 0x30
                    0x0032                  TBLPAG = 0x32
                    0x0032                  _TBLPAG = 0x32
                    0x0034                  PSVPAG = 0x34
                    0x0034                  _PSVPAG = 0x34
                    0x0036                  RCOUNT = 0x36
                    0x0036                  _RCOUNT = 0x36
                    0x0042                  SR = 0x42
                    0x0042                  _SR = 0x42
                    0x0042                  _SRbits = 0x42
                    0x0044                  CORCON = 0x44
                    0x0044                  _CORCON = 0x44
                    0x0044                  _CORCONbits = 0x44
                    0x0052                  DISICNT = 0x52
                    0x0052                  _DISICNT = 0x52
                    0x0056                  CNPD1 = 0x56
                    0x0056                  _CNPD1 = 0x56
                    0x0056                  _CNPD1bits = 0x56
                    0x0058                  CNPD2 = 0x58
                    0x0058                  _CNPD2 = 0x58
                    0x0058                  _CNPD2bits = 0x58
                    0x0062                  CNEN1 = 0x62
                    0x0062                  _CNEN1 = 0x62
                    0x0062                  _CNEN1bits = 0x62
                    0x0064                  CNEN2 = 0x64
                    0x0064                  _CNEN2 = 0x64
                    0x0064                  _CNEN2bits = 0x64
                    0x006e                  CNPU1 = 0x6e
                    0x006e                  _CNPU1 = 0x6e
                    0x006e                  _CNPU1bits = 0x6e
                    0x0070                  CNPU2 = 0x70
                    0x0070                  _CNPU2 = 0x70
                    0x0070                  _CNPU2bits = 0x70
                    0x0080                  INTCON1 = 0x80
                    0x0080                  _INTCON1 = 0x80
                    0x0080                  _INTCON1bits = 0x80
                    0x0082                  INTCON2 = 0x82
                    0x0082                  _INTCON2 = 0x82
                    0x0082                  _INTCON2bits = 0x82
                    0x0084                  IFS0 = 0x84
                    0x0084                  _IFS0 = 0x84
                    0x0084                  _IFS0bits = 0x84
                    0x0086                  IFS1 = 0x86
                    0x0086                  _IFS1 = 0x86
                    0x0086                  _IFS1bits = 0x86
                    0x0088                  IFS2 = 0x88
                    0x0088                  _IFS2 = 0x88
                    0x0088                  _IFS2bits = 0x88
                    0x008a                  IFS3 = 0x8a
                    0x008a                  _IFS3 = 0x8a
                    0x008a                  _IFS3bits = 0x8a
                    0x008c                  IFS4 = 0x8c
                    0x008c                  _IFS4 = 0x8c
                    0x008c                  _IFS4bits = 0x8c
                    0x008e                  IFS5 = 0x8e
                    0x008e                  _IFS5 = 0x8e
                    0x008e                  _IFS5bits = 0x8e
                    0x0094                  IEC0 = 0x94
                    0x0094                  _IEC0 = 0x94
                    0x0094                  _IEC0bits = 0x94
                    0x0096                  IEC1 = 0x96
                    0x0096                  _IEC1 = 0x96
                    0x0096                  _IEC1bits = 0x96
                    0x0098                  IEC2 = 0x98
                    0x0098                  _IEC2 = 0x98
                    0x0098                  _IEC2bits = 0x98
                    0x009a                  IEC3 = 0x9a
                    0x009a                  _IEC3 = 0x9a
                    0x009a                  _IEC3bits = 0x9a
                    0x009c                  IEC4 = 0x9c
                    0x009c                  _IEC4 = 0x9c
                    0x009c                  _IEC4bits = 0x9c
                    0x009e                  IEC5 = 0x9e
                    0x009e                  _IEC5 = 0x9e
                    0x009e                  _IEC5bits = 0x9e
                    0x00a4                  IPC0 = 0xa4
                    0x00a4                  _IPC0 = 0xa4
                    0x00a4                  _IPC0bits = 0xa4
                    0x00a6                  IPC1 = 0xa6
                    0x00a6                  _IPC1 = 0xa6
                    0x00a6                  _IPC1bits = 0xa6
                    0x00a8                  IPC2 = 0xa8
                    0x00a8                  _IPC2 = 0xa8
                    0x00a8                  _IPC2bits = 0xa8
                    0x00aa                  IPC3 = 0xaa
                    0x00aa                  _IPC3 = 0xaa
                    0x00aa                  _IPC3bits = 0xaa
                    0x00ac                  IPC4 = 0xac
                    0x00ac                  _IPC4 = 0xac
                    0x00ac                  _IPC4bits = 0xac
                    0x00ae                  IPC5 = 0xae
                    0x00ae                  _IPC5 = 0xae
                    0x00ae                  _IPC5bits = 0xae
                    0x00b0                  IPC6 = 0xb0
                    0x00b0                  _IPC6 = 0xb0
                    0x00b0                  _IPC6bits = 0xb0
                    0x00b2                  IPC7 = 0xb2
                    0x00b2                  _IPC7 = 0xb2
                    0x00b2                  _IPC7bits = 0xb2
                    0x00b6                  IPC9 = 0xb6
                    0x00b6                  _IPC9 = 0xb6
                    0x00b6                  _IPC9bits = 0xb6
                    0x00bc                  IPC12 = 0xbc
                    0x00bc                  _IPC12 = 0xbc
                    0x00bc                  _IPC12bits = 0xbc
                    0x00c4                  IPC16 = 0xc4
                    0x00c4                  _IPC16 = 0xc4
                    0x00c4                  _IPC16bits = 0xc4
                    0x00c8                  IPC18 = 0xc8
                    0x00c8                  _IPC18 = 0xc8
                    0x00c8                  _IPC18bits = 0xc8
                    0x00cc                  IPC20 = 0xcc
                    0x00cc                  _IPC20 = 0xcc
                    0x00cc                  _IPC20bits = 0xcc
                    0x00e0                  INTTREG = 0xe0
                    0x00e0                  _INTTREG = 0xe0
                    0x00e0                  _INTTREGbits = 0xe0
                    0x0100                  TMR1 = 0x100
                    0x0100                  _TMR1 = 0x100
                    0x0102                  PR1 = 0x102
                    0x0102                  _PR1 = 0x102
                    0x0104                  T1CON = 0x104
                    0x0104                  _T1CON = 0x104
                    0x0104                  _T1CONbits = 0x104
                    0x0106                  TMR2 = 0x106
                    0x0106                  _TMR2 = 0x106
                    0x0108                  PR2 = 0x108
                    0x0108                  _PR2 = 0x108
                    0x010a                  T2CON = 0x10a
                    0x010a                  _T2CON = 0x10a
                    0x010a                  _T2CONbits = 0x10a
                    0x010c                  TMR3 = 0x10c
                    0x010c                  _TMR3 = 0x10c
                    0x010e                  T3GCON = 0x10e
                    0x010e                  _T3GCON = 0x10e
                    0x010e                  _T3GCONbits = 0x10e
                    0x0110                  T3CON = 0x110
                    0x0110                  _T3CON = 0x110
                    0x0110                  _T3CONbits = 0x110
                    0x0112                  TMR4 = 0x112
                    0x0112                  _TMR4 = 0x112
                    0x0114                  PR4 = 0x114
                    0x0114                  _PR4 = 0x114
                    0x0116                  T4CON = 0x116
                    0x0116                  _T4CON = 0x116
                    0x0116                  _T4CONbits = 0x116
                    0x013c                  CCPTMRS0 = 0x13c
                    0x013c                  _CCPTMRS0 = 0x13c
                    0x013c                  _CCPTMRS0bits = 0x13c
                    0x0190                  CCP1CON = 0x190
                    0x0190                  _CCP1CON = 0x190
                    0x0190                  _CCP1CONbits = 0x190
                    0x0190                  ECCP1CON = 0x190
                    0x0190                  _ECCP1CON = 0x190
                    0x0190                  _ECCP1CONbits = 0x190
                    0x0192                  CCPR1L = 0x192
                    0x0192                  _CCPR1L = 0x192
                    0x0194                  CCPR1H = 0x194
                    0x0194                  _CCPR1H = 0x194
                    0x0196                  ECCP1DEL = 0x196
                    0x0196                  _ECCP1DEL = 0x196
                    0x0196                  _ECCP1DELbits = 0x196
                    0x0196                  PWM1CON = 0x196
                    0x0196                  _PWM1CON = 0x196
                    0x0196                  _PWM1CONbits = 0x196
                    0x0198                  ECCP1AS = 0x198
                    0x0198                  _ECCP1AS = 0x198
                    0x0198                  _ECCP1ASbits = 0x198
                    0x019a                  PSTR1CON = 0x19a
                    0x019a                  _PSTR1CON = 0x19a
                    0x019a                  _PSTR1CONbits = 0x19a
                    0x019c                  CCP2CON = 0x19c
                    0x019c                  _CCP2CON = 0x19c
                    0x019c                  _CCP2CONbits = 0x19c
                    0x019e                  CCPR2L = 0x19e
                    0x019e                  _CCPR2L = 0x19e
                    0x01a0                  CCPR2H = 0x1a0
                    0x01a0                  _CCPR2H = 0x1a0
                    0x01a8                  CCP3CON = 0x1a8
                    0x01a8                  _CCP3CON = 0x1a8
                    0x01a8                  _CCP3CONbits = 0x1a8
                    0x01aa                  CCPR3L = 0x1aa
                    0x01aa                  _CCPR3L = 0x1aa
                    0x01ac                  CCPR3H = 0x1ac
                    0x01ac                  _CCPR3H = 0x1ac
                    0x0200                  SPI1BUF = 0x200
                    0x0200                  _SPI1BUF = 0x200
                    0x0200                  _SPI1BUFbits = 0x200
                    0x0200                  SSP1BUF = 0x200
                    0x0200                  _SSP1BUF = 0x200
                    0x0200                  _SSP1BUFbits = 0x200
                    0x0202                  SSP1CON1 = 0x202
                    0x0202                  _SSP1CON1 = 0x202
                    0x0202                  _SSP1CON1bits = 0x202
                    0x0204                  SSP1CON2 = 0x204
                    0x0204                  _SSP1CON2 = 0x204
                    0x0204                  _SSP1CON2bits = 0x204
                    0x0206                  SSP1CON3 = 0x206
                    0x0206                  _SSP1CON3 = 0x206
                    0x0206                  _SSP1CON3bits = 0x206
                    0x0208                  SSP1STAT = 0x208
                    0x0208                  _SSP1STAT = 0x208
                    0x0208                  _SSP1STATbits = 0x208
                    0x020a                  I2C1ADD = 0x20a
                    0x020a                  _I2C1ADD = 0x20a
                    0x020a                  _I2C1ADDbits = 0x20a
                    0x020a                  SSP1ADD = 0x20a
                    0x020a                  _SSP1ADD = 0x20a
                    0x020a                  _SSP1ADDbits = 0x20a
                    0x020c                  I2C1MSK = 0x20c
                    0x020c                  _I2C1MSK = 0x20c
                    0x020c                  _I2C1MSKbits = 0x20c
                    0x020c                  SSP1MSK = 0x20c
                    0x020c                  _SSP1MSK = 0x20c
                    0x020c                  _SSP1MSKbits = 0x20c
                    0x0210                  SPI2BUF = 0x210
                    0x0210                  _SPI2BUF = 0x210
                    0x0210                  _SPI2BUFbits = 0x210
                    0x0210                  SSP2BUF = 0x210
                    0x0210                  _SSP2BUF = 0x210
                    0x0210                  _SSP2BUFbits = 0x210
                    0x0212                  SSP2CON1 = 0x212
                    0x0212                  _SSP2CON1 = 0x212
                    0x0212                  _SSP2CON1bits = 0x212
                    0x0214                  SSP2CON2 = 0x214
                    0x0214                  _SSP2CON2 = 0x214
                    0x0214                  _SSP2CON2bits = 0x214
                    0x0216                  SSP2CON3 = 0x216
                    0x0216                  _SSP2CON3 = 0x216
                    0x0216                  _SSP2CON3bits = 0x216
                    0x0218                  SSP2STAT = 0x218
                    0x0218                  _SSP2STAT = 0x218
                    0x0218                  _SSP2STATbits = 0x218
                    0x021a                  I2C2ADD = 0x21a
                    0x021a                  _I2C2ADD = 0x21a
                    0x021a                  _I2C2ADDbits = 0x21a
                    0x021a                  SSP2ADD = 0x21a
                    0x021a                  _SSP2ADD = 0x21a
                    0x021a                  _SSP2ADDbits = 0x21a
                    0x021c                  I2C2MSK = 0x21c
                    0x021c                  _I2C2MSK = 0x21c
                    0x021c                  _I2C2MSKbits = 0x21c
                    0x021c                  SSP2MSK = 0x21c
                    0x021c                  _SSP2MSK = 0x21c
                    0x021c                  _SSP2MSKbits = 0x21c
                    0x0220                  U1MODE = 0x220
                    0x0220                  _U1MODE = 0x220
                    0x0220                  _U1MODEbits = 0x220
                    0x0222                  U1STA = 0x222
                    0x0222                  _U1STA = 0x222
                    0x0222                  _U1STAbits = 0x222
                    0x0224                  U1TXREG = 0x224
                    0x0224                  _U1TXREG = 0x224
                    0x0224                  _U1TXREGbits = 0x224
                    0x0226                  U1RXREG = 0x226
                    0x0226                  _U1RXREG = 0x226
                    0x0226                  _U1RXREGbits = 0x226
                    0x0228                  U1BRG = 0x228
                    0x0228                  _U1BRG = 0x228
                    0x0230                  U2MODE = 0x230
                    0x0230                  _U2MODE = 0x230
                    0x0230                  _U2MODEbits = 0x230
                    0x0232                  U2STA = 0x232
                    0x0232                  _U2STA = 0x232
                    0x0232                  _U2STAbits = 0x232
                    0x0234                  U2TXREG = 0x234
                    0x0234                  _U2TXREG = 0x234
                    0x0234                  _U2TXREGbits = 0x234
                    0x0236                  U2RXREG = 0x236
                    0x0236                  _U2RXREG = 0x236
                    0x0236                  _U2RXREGbits = 0x236
                    0x0238                  U2BRG = 0x238
                    0x0238                  _U2BRG = 0x238
                    0x02c0                  TRISA = 0x2c0
                    0x02c0                  _TRISA = 0x2c0
                    0x02c0                  _TRISAbits = 0x2c0
                    0x02c2                  PORTA = 0x2c2
                    0x02c2                  _PORTA = 0x2c2
                    0x02c2                  _PORTAbits = 0x2c2
                    0x02c4                  LATA = 0x2c4
                    0x02c4                  _LATA = 0x2c4
                    0x02c4                  _LATAbits = 0x2c4
                    0x02c6                  ODCA = 0x2c6
                    0x02c6                  _ODCA = 0x2c6
                    0x02c6                  _ODCAbits = 0x2c6
                    0x02c8                  TRISB = 0x2c8
                    0x02c8                  _TRISB = 0x2c8
                    0x02c8                  _TRISBbits = 0x2c8
                    0x02ca                  PORTB = 0x2ca
                    0x02ca                  _PORTB = 0x2ca
                    0x02ca                  _PORTBbits = 0x2ca
                    0x02cc                  LATB = 0x2cc
                    0x02cc                  _LATB = 0x2cc
                    0x02cc                  _LATBbits = 0x2cc
                    0x02ce                  ODCB = 0x2ce
                    0x02ce                  _ODCB = 0x2ce
                    0x02ce                  _ODCBbits = 0x2ce
                    0x02fc                  PADCFG1 = 0x2fc
                    0x02fc                  _PADCFG1 = 0x2fc
                    0x02fc                  _PADCFG1bits = 0x2fc
                    0x0300                  ADC1BUF0 = 0x300
                    0x0300                  _ADC1BUF0 = 0x300
                    0x0302                  ADC1BUF1 = 0x302
                    0x0302                  _ADC1BUF1 = 0x302
                    0x0320                  AD1CON1 = 0x320
                    0x0320                  _AD1CON1 = 0x320
                    0x0320                  _AD1CON1bits = 0x320
                    0x0322                  AD1CON2 = 0x322
                    0x0322                  _AD1CON2 = 0x322
                    0x0322                  _AD1CON2bits = 0x322
                    0x0324                  AD1CON3 = 0x324
                    0x0324                  _AD1CON3 = 0x324
                    0x0324                  _AD1CON3bits = 0x324
                    0x0328                  AD1CHS = 0x328
                    0x0328                  _AD1CHS = 0x328
                    0x0328                  _AD1CHSbits = 0x328
                    0x0330                  AD1CSSL = 0x330
                    0x0330                  _AD1CSSL = 0x330
                    0x0330                  _AD1CSSLbits = 0x330
                    0x04de                  ANCFG = 0x4de
                    0x04de                  _ANCFG = 0x4de
                    0x04de                  _ANCFGbits = 0x4de
                    0x04e0                  ANSA = 0x4e0
                    0x04e0                  _ANSA = 0x4e0
                    0x04e0                  _ANSAbits = 0x4e0
                    0x04e0                  ANSELA = 0x4e0
                    0x04e0                  _ANSELA = 0x4e0
                    0x04e0                  _ANSELAbits = 0x4e0
                    0x04e2                  ANSB = 0x4e2
                    0x04e2                  _ANSB = 0x4e2
                    0x04e2                  _ANSBbits = 0x4e2
                    0x04e2                  ANSELB = 0x4e2
                    0x04e2                  _ANSELB = 0x4e2
                    0x04e2                  _ANSELBbits = 0x4e2
                    0x0630                  CMSTAT = 0x630
                    0x0630                  _CMSTAT = 0x630
                    0x0630                  _CMSTATbits = 0x630
                    0x0632                  CVRCON = 0x632
                    0x0632                  _CVRCON = 0x632
                    0x0632                  _CVRCONbits = 0x632
                    0x0634                  CM1CON = 0x634
                    0x0634                  _CM1CON = 0x634
                    0x0634                  _CM1CONbits = 0x634
                    0x0636                  CM2CON = 0x636
                    0x0636                  _CM2CON = 0x636
                    0x0636                  _CM2CONbits = 0x636
                    0x0740                  RCON = 0x740
                    0x0740                  _RCON = 0x740
                    0x0740                  _RCONbits = 0x740
                    0x0742                  OSCCON = 0x742
                    0x0742                  _OSCCON = 0x742
                    0x0742                  _OSCCONbits = 0x742
                    0x0742                  OSCCONL = 0x742
                    0x0742                  _OSCCONL = 0x742
                    0x0743                  OSCCONH = 0x743
                    0x0743                  _OSCCONH = 0x743
                    0x0744                  CLKDIV = 0x744
                    0x0744                  _CLKDIV = 0x744
                    0x0744                  _CLKDIVbits = 0x744
                    0x0748                  OSCTUN = 0x748
                    0x0748                  _OSCTUN = 0x748
                    0x0748                  _OSCTUNbits = 0x748
                    0x074e                  REFOCON = 0x74e
                    0x074e                  _REFOCON = 0x74e
                    0x074e                  _REFOCONbits = 0x74e
                    0x0756                  HLVDCON = 0x756
                    0x0756                  _HLVDCON = 0x756
                    0x0756                  _HLVDCONbits = 0x756
                    0x0760                  NVMCON = 0x760
                    0x0760                  _NVMCON = 0x760
                    0x0760                  _NVMCONbits = 0x760
                    0x0766                  NVMKEY = 0x766
                    0x0766                  _NVMKEY = 0x766
                    0x0766                  _NVMKEYbits = 0x766
                    0x0768                  ULPWCON = 0x768
                    0x0768                  _ULPWCON = 0x768
                    0x0768                  _ULPWCONbits = 0x768
                    0x0770                  PMD1 = 0x770
                    0x0770                  _PMD1 = 0x770
                    0x0770                  _PMD1bits = 0x770
                    0x0770                  PMDIS1 = 0x770
                    0x0770                  _PMDIS1 = 0x770
                    0x0770                  _PMDIS1bits = 0x770
                    0x0772                  PMD2 = 0x772
                    0x0772                  _PMD2 = 0x772
                    0x0772                  _PMD2bits = 0x772
                    0x0772                  PMDIS2 = 0x772
                    0x0772                  _PMDIS2 = 0x772
                    0x0772                  _PMDIS2bits = 0x772
                    0x0774                  PMD3 = 0x774
                    0x0774                  _PMD3 = 0x774
                    0x0774                  _PMD3bits = 0x774
                    0x0774                  PMDIS3 = 0x774
                    0x0774                  _PMDIS3 = 0x774
                    0x0774                  _PMDIS3bits = 0x774
                    0x0776                  PMD4 = 0x776
                    0x0776                  _PMD4 = 0x776
                    0x0776                  _PMD4bits = 0x776
                    0x0776                  PMDIS4 = 0x776
                    0x0776                  _PMDIS4 = 0x776
                    0x0776                  _PMDIS4bits = 0x776
                    0x0220                  UART1 = 0x220
                    0x0220                  _UART1 = 0x220
                    0x0230                  UART2 = 0x230
                    0x0230                  _UART2 = 0x230
START GROUP
LOAD c:/program files (x86)/microchip/xc16/v1.30/bin/bin/../../lib\liblega-pic30-elf.a
LOAD c:/program files (x86)/microchip/xc16/v1.30/bin/bin/../../lib\libm-elf.a
LOAD c:/program files (x86)/microchip/xc16/v1.30/bin/bin/../../lib\liblega-c-elf.a
END GROUP
OUTPUT(dist/default/production/Anemometer1.X.production.elf elf32-pic30)
LOAD FGS
LOAD FBS
LOAD jump_table
LOAD default_isr
LOAD data_init

.debug_pubtypes
                  0x000018        0x169
 .debug_pubtypes
                  0x000018        0x169 build/default/production/Anemometer.o

__c30_signature
                  0x000181         0xae
 __c30_signature
                  0x000181          0x6 build/default/production/Anemometer.o
 __c30_signature
                  0x000187          0x6 c:/program files (x86)/microchip/xc16/v1.30/bin/bin/../../lib/PIC24F\libpPIC24Fxxx-elf.a(WriteUART1.o)
 __c30_signature
                  0x00018d          0x6 c:/program files (x86)/microchip/xc16/v1.30/bin/bin/../../lib\liblega-pic30-elf.a(crt0_standard.o)
 __c30_signature
                  0x000193          0x6 c:/program files (x86)/microchip/xc16/v1.30/bin/bin/../../lib\liblega-pic30-elf.a(data_init_standard.o)
 __c30_signature
                  0x000199          0x6 c:/program files (x86)/microchip/xc16/v1.30/bin/bin/../../lib\libm-elf.a(addsf3.eo)
 __c30_signature
                  0x00019f          0x6 c:/program files (x86)/microchip/xc16/v1.30/bin/bin/../../lib\libm-elf.a(divsf3.eo)
 __c30_signature
                  0x0001a5          0x6 c:/program files (x86)/microchip/xc16/v1.30/bin/bin/../../lib\libm-elf.a(feqltle.eo)
 __c30_signature
                  0x0001ab          0x6 c:/program files (x86)/microchip/xc16/v1.30/bin/bin/../../lib\libm-elf.a(fixunssfsi.eo)
 __c30_signature
                  0x0001b1          0x6 c:/program files (x86)/microchip/xc16/v1.30/bin/bin/../../lib\libm-elf.a(floatsisf.eo)
 __c30_signature
                  0x0001b7          0x6 c:/program files (x86)/microchip/xc16/v1.30/bin/bin/../../lib\libm-elf.a(fpack.eo)
 __c30_signature
                  0x0001bd          0x6 c:/program files (x86)/microchip/xc16/v1.30/bin/bin/../../lib\libm-elf.a(funpack.eo)
 __c30_signature
                  0x0001c3          0x6 c:/program files (x86)/microchip/xc16/v1.30/bin/bin/../../lib\libm-elf.a(funpack2.eo)
 __c30_signature
                  0x0001c9          0x6 c:/program files (x86)/microchip/xc16/v1.30/bin/bin/../../lib\libm-elf.a(futil.eo)
 __c30_signature
                  0x0001cf          0x6 c:/program files (x86)/microchip/xc16/v1.30/bin/bin/../../lib\libm-elf.a(mulsf3.eo)
 __c30_signature
                  0x0001d5          0x6 c:/program files (x86)/microchip/xc16/v1.30/bin/bin/../../lib\libm-elf.a(fcompare.eo)
 __c30_signature
                  0x0001db          0x6 c:/program files (x86)/microchip/xc16/v1.30/bin/bin/../../lib\libm-elf.a(floatdisf.eo)
 __c30_signature
                  0x0001e1          0x6 c:/program files (x86)/microchip/xc16/v1.30/bin/bin/../../lib\libm-elf.a(floatundisf.eo)
 __c30_signature
                  0x0001e7          0x6 c:/program files (x86)/microchip/xc16/v1.30/bin/bin/../../lib\liblega-c-elf.a(sprintf_cdnopuxX.XXeo)
 __c30_signature
                  0x0001ed          0x6 c:/program files (x86)/microchip/xc16/v1.30/bin/bin/../../lib\liblega-c-elf.a(xprintf_cdnopuxX.XXeo)
 __c30_signature
                  0x0001f3          0x6 c:/program files (x86)/microchip/xc16/v1.30/bin/bin/../../lib\liblega-c-elf.a(xputfld_cdnopuxX.XXeo)
 __c30_signature
                  0x0001f9          0x6 c:/program files (x86)/microchip/xc16/v1.30/bin/bin/../../lib\liblega-c-elf.a(memcpy.XX_eo)
 __c30_signature
                  0x0001ff          0x6 c:/program files (x86)/microchip/xc16/v1.30/bin/bin/../../lib\liblega-c-elf.a(strchr.XX_eo)
 __c30_signature
                  0x000205          0x6 c:/program files (x86)/microchip/xc16/v1.30/bin/bin/../../lib\liblega-c-elf.a(xlitob.XX_eo)
 __c30_signature
                  0x00020b          0x6 c:/program files (x86)/microchip/xc16/v1.30/bin/bin/../../lib\liblega-c-elf.a(xputtxt.XX_eo)
 __c30_signature
                  0x000211          0x6 c:/program files (x86)/microchip/xc16/v1.30/bin/bin/../../lib\liblega-c-elf.a(xvacopy.XX_eo)
 __c30_signature
                  0x000217          0x6 c:/program files (x86)/microchip/xc16/v1.30/bin/bin/../../lib\libm-elf.a(divsi3.eo)
 __c30_signature
                  0x00021d          0x6 c:/program files (x86)/microchip/xc16/v1.30/bin/bin/../../lib\libm-elf.a(udivsi3.eo)
 __c30_signature
                  0x000223          0x6 c:/program files (x86)/microchip/xc16/v1.30/bin/bin/../../lib\libm-elf.a(umodsi3.eo)
 __c30_signature
                  0x000229          0x6 c:/program files (x86)/microchip/xc16/v1.30/bin/bin/../../lib\libm-elf.a(divmoddi3.eo)

.nbss               0x0800          0xc
 .nbss              0x0800          0xc build/default/production/Anemometer.o
                    0x0800                  _old_pulse
                    0x0804                  _overflow
                    0x0806                  _calculate
                    0x0808                  _period

.data               0x080c         0x3c
 .data              0x080c         0x22 c:/program files (x86)/microchip/xc16/v1.30/bin/bin/../../lib\liblega-c-elf.a(xlitob.XX_eo)
 .data              0x082e         0x1a c:/program files (x86)/microchip/xc16/v1.30/bin/bin/../../lib\liblega-c-elf.a(xprintf_cdnopuxX.XXeo)

.config_ICS       0xf8000e          0x2
 .config_ICS      0xf8000e          0x2 build/default/production/Anemometer.o

.config_MCLRE     0xf8000c          0x2
 .config_MCLRE    0xf8000c          0x2 build/default/production/Anemometer.o

.config_WINDIS    0xf8000a          0x2
 .config_WINDIS
                  0xf8000a          0x2 build/default/production/Anemometer.o

.config_FCKSM     0xf80008          0x2
 .config_FCKSM    0xf80008          0x2 build/default/production/Anemometer.o

.config_IESO      0xf80006          0x2
 .config_IESO     0xf80006          0x2 build/default/production/Anemometer.o

.ivt._CCP3Interrupt
                  0x000046          0x2
 .ivt._CCP3Interrupt
                  0x000046          0x2 build/default/production/Anemometer.o

.const              0x900a          0x4 load address 0x00100a  
 .const             0x900a          0x4 build/default/production/Anemometer.o

.text             0x00100e        0x1e2
 .text            0x00100e        0x1e2 build/default/production/Anemometer.o
                  0x00100e                  _main
                  0x00110c                  _MPH_Calculate
                  0x00116c                  __CCP3Interrupt

.dinit            0x0011f0         0x3e
 .dinit           0x0011f0         0x3e data_init
